// Jest Snapshot v1, https://goo.gl/fbAQLP

exports[`Grid snapshot renders 1`] = `
Array [
  <div
    className="sc-AxheI kzfhRj"
  >
    <h1>
      Pic Puzzle
    </h1>
  </div>,
  <div
    className="sc-fzozJi cLeQoS"
  >
    <div
      className="sc-AxgMl fZYJkD"
    >
      <div
        className="sc-AxiKw cqNfzH"
      >
        <div
          className="sc-AxhUy gvYPGg"
          name={1}
          onMouseEnter={[Function]}
          onMouseLeave={[Function]}
        />
      </div>
      <div
        className="sc-AxiKw fxedzc"
      >
        <div
          className="sc-AxhUy bGiStg"
          name={2}
          onMouseEnter={[Function]}
          onMouseLeave={[Function]}
        />
      </div>
      <div
        className="sc-AxiKw doYfNl"
      >
        <div
          className="sc-AxhUy XuOOw"
          name={3}
          onMouseEnter={[Function]}
          onMouseLeave={[Function]}
        />
      </div>
      <div
        className="sc-AxiKw NKdhk"
      >
        <div
          className="sc-AxhUy eJuMbV"
          name={4}
          onMouseEnter={[Function]}
          onMouseLeave={[Function]}
        />
      </div>
      <div
        className="sc-AxiKw dyBRAT"
      >
        <div
          className="sc-AxhUy kICiMF"
          name={5}
          onMouseEnter={[Function]}
          onMouseLeave={[Function]}
        />
      </div>
      <div
        className="sc-AxiKw dEfzWu"
      >
        <div
          className="sc-AxhUy kxaElg"
          name={6}
          onMouseEnter={[Function]}
          onMouseLeave={[Function]}
        />
      </div>
      <div
        className="sc-AxiKw kJQusF"
      >
        <div
          className="sc-AxhUy iepAeh"
          name={7}
          onMouseEnter={[Function]}
          onMouseLeave={[Function]}
        />
      </div>
      <div
        className="sc-AxiKw boeBja"
      >
        <div
          className="sc-AxhUy hHfvuJ"
          name={8}
          onMouseEnter={[Function]}
          onMouseLeave={[Function]}
        />
      </div>
      <div
        className="sc-AxiKw cetqCv"
      >
        <div
          className="sc-AxhCb jKPvsX"
        >
          <p>
            Moves: 
            0
          </p>
        </div>
      </div>
    </div>
  </div>,
  <div
    className="sc-fzoLsD hJsyGF"
  >
    <button
      onClick={[Function]}
    >
      New Image
    </button>
    <button
      onClick={[Function]}
    >
      Shuffle
    </button>
    <button
      onClick={[Function]}
    >
      Reset
    </button>
  </div>,
]
`;
